$ /workspace/tinytpu-env/bin/ghdl -r --std=08 -frelaxed-rules TB_PDF_DATAFLOW -gRELU_CASE=false --assert-level=error --read-wave-opt=/workspace/tinyTPU_bck/doc/teaching/pdf-dataflow/signals.opt --vcd=/workspace/pdf-dataflow-sim/results/passthrough.vcd --wave=/workspace/pdf-dataflow-sim/results/passthrough.ghw
../../src/ieee2008/numeric_std-body.vhdl:1265:7:@45ns:(assertion warning): NUMERIC_STD.">": metavalue detected, returning FALSE
../../src/ieee2008/numeric_std-body.vhdl:3036:7:@45ns:(assertion warning): NUMERIC_STD.TO_INTEGER: metavalue detected, returning 0
../../src/ieee2008/numeric_std-body.vhdl:1265:7:@45ns:(assertion warning): NUMERIC_STD.">": metavalue detected, returning FALSE
../../src/ieee2008/numeric_std-body.vhdl:3036:7:@45ns:(assertion warning): NUMERIC_STD.TO_INTEGER: metavalue detected, returning 0
../../src/ieee2008/numeric_std-body.vhdl:1265:7:@45ns:(assertion warning): NUMERIC_STD.">": metavalue detected, returning FALSE
../../src/ieee2008/numeric_std-body.vhdl:3036:7:@45ns:(assertion warning): NUMERIC_STD.TO_INTEGER: metavalue detected, returning 0
../../src/ieee2008/numeric_std-body.vhdl:1265:7:@45ns:(assertion warning): NUMERIC_STD.">": metavalue detected, returning FALSE
../../src/ieee2008/numeric_std-body.vhdl:3036:7:@45ns:(assertion warning): NUMERIC_STD.TO_INTEGER: metavalue detected, returning 0
../../src/ieee2008/numeric_std-body.vhdl:1265:7:@45ns:(assertion warning): NUMERIC_STD.">": metavalue detected, returning FALSE
../../src/ieee2008/numeric_std-body.vhdl:3036:7:@45ns:(assertion warning): NUMERIC_STD.TO_INTEGER: metavalue detected, returning 0
../../src/ieee2008/numeric_std-body.vhdl:1265:7:@45ns:(assertion warning): NUMERIC_STD.">": metavalue detected, returning FALSE
../../src/ieee2008/numeric_std-body.vhdl:3036:7:@45ns:(assertion warning): NUMERIC_STD.TO_INTEGER: metavalue detected, returning 0
../../src/ieee2008/numeric_std-body.vhdl:1265:7:@45ns:(assertion warning): NUMERIC_STD.">": metavalue detected, returning FALSE
../../src/ieee2008/numeric_std-body.vhdl:3036:7:@45ns:(assertion warning): NUMERIC_STD.TO_INTEGER: metavalue detected, returning 0
../../src/ieee2008/numeric_std-body.vhdl:1265:7:@45ns:(assertion warning): NUMERIC_STD.">": metavalue detected, returning FALSE
../../src/ieee2008/numeric_std-body.vhdl:3036:7:@45ns:(assertion warning): NUMERIC_STD.TO_INTEGER: metavalue detected, returning 0
../../src/ieee2008/numeric_std-body.vhdl:1265:7:@45ns:(assertion warning): NUMERIC_STD.">": metavalue detected, returning FALSE
../../src/ieee2008/numeric_std-body.vhdl:3036:7:@45ns:(assertion warning): NUMERIC_STD.TO_INTEGER: metavalue detected, returning 0
../../src/ieee2008/numeric_std-body.vhdl:1265:7:@45ns:(assertion warning): NUMERIC_STD.">": metavalue detected, returning FALSE
../../src/ieee2008/numeric_std-body.vhdl:3036:7:@45ns:(assertion warning): NUMERIC_STD.TO_INTEGER: metavalue detected, returning 0
../../src/ieee2008/numeric_std-body.vhdl:1265:7:@45ns:(assertion warning): NUMERIC_STD.">": metavalue detected, returning FALSE
../../src/ieee2008/numeric_std-body.vhdl:3036:7:@45ns:(assertion warning): NUMERIC_STD.TO_INTEGER: metavalue detected, returning 0
../../src/ieee2008/numeric_std-body.vhdl:1265:7:@45ns:(assertion warning): NUMERIC_STD.">": metavalue detected, returning FALSE
../../src/ieee2008/numeric_std-body.vhdl:3036:7:@45ns:(assertion warning): NUMERIC_STD.TO_INTEGER: metavalue detected, returning 0
../../src/ieee2008/numeric_std-body.vhdl:1265:7:@45ns:(assertion warning): NUMERIC_STD.">": metavalue detected, returning FALSE
../../src/ieee2008/numeric_std-body.vhdl:3036:7:@45ns:(assertion warning): NUMERIC_STD.TO_INTEGER: metavalue detected, returning 0
../../src/ieee2008/numeric_std-body.vhdl:1265:7:@45ns:(assertion warning): NUMERIC_STD.">": metavalue detected, returning FALSE
../../src/ieee2008/numeric_std-body.vhdl:3036:7:@45ns:(assertion warning): NUMERIC_STD.TO_INTEGER: metavalue detected, returning 0
../../src/ieee2008/numeric_std-body.vhdl:1265:7:@45ns:(assertion warning): NUMERIC_STD.">": metavalue detected, returning FALSE
../../src/ieee2008/numeric_std-body.vhdl:1265:7:@45ns:(assertion warning): NUMERIC_STD.">": metavalue detected, returning FALSE
../../src/ieee2008/numeric_std-body.vhdl:1265:7:@45ns:(assertion warning): NUMERIC_STD.">": metavalue detected, returning FALSE
../../src/ieee2008/numeric_std-body.vhdl:1265:7:@45ns:(assertion warning): NUMERIC_STD.">": metavalue detected, returning FALSE
../../src/ieee2008/numeric_std-body.vhdl:1265:7:@45ns:(assertion warning): NUMERIC_STD.">": metavalue detected, returning FALSE
../../src/ieee2008/numeric_std-body.vhdl:1265:7:@45ns:(assertion warning): NUMERIC_STD.">": metavalue detected, returning FALSE
../../src/ieee2008/numeric_std-body.vhdl:1265:7:@45ns:(assertion warning): NUMERIC_STD.">": metavalue detected, returning FALSE
../../src/ieee2008/numeric_std-body.vhdl:1265:7:@45ns:(assertion warning): NUMERIC_STD.">": metavalue detected, returning FALSE
../../src/ieee2008/numeric_std-body.vhdl:1265:7:@45ns:(assertion warning): NUMERIC_STD.">": metavalue detected, returning FALSE
../../src/ieee2008/numeric_std-body.vhdl:1265:7:@45ns:(assertion warning): NUMERIC_STD.">": metavalue detected, returning FALSE
../../src/ieee2008/numeric_std-body.vhdl:1265:7:@45ns:(assertion warning): NUMERIC_STD.">": metavalue detected, returning FALSE
../../src/ieee2008/numeric_std-body.vhdl:1265:7:@45ns:(assertion warning): NUMERIC_STD.">": metavalue detected, returning FALSE
../../src/ieee2008/numeric_std-body.vhdl:1265:7:@45ns:(assertion warning): NUMERIC_STD.">": metavalue detected, returning FALSE
../../src/ieee2008/numeric_std-body.vhdl:1265:7:@45ns:(assertion warning): NUMERIC_STD.">": metavalue detected, returning FALSE
/workspace/tinyTPU_bck/doc/teaching/pdf-dataflow/TB_PDF_DATAFLOW.vhdl:144:13:@4516ns:(report note): PDF_COMMAND opcode=8 length=14 acc=0 buf=0 bits=00000000000000000E08
/workspace/tinyTPU_bck/doc/teaching/pdf-dataflow/TB_PDF_DATAFLOW.vhdl:144:13:@4636ns:(report note): PDF_COMMAND opcode=32 length=14 acc=0 buf=0 bits=00000000000000000E20
/workspace/tinyTPU_bck/doc/teaching/pdf-dataflow/TB_PDF_DATAFLOW.vhdl:144:13:@4756ns:(report note): PDF_COMMAND opcode=128 length=14 acc=0 buf=0 bits=00000000000000000E80
/workspace/tinyTPU_bck/src/vhdl/Control_Unit/WEIGHT_CONTROL.vhdl:257:13:@4785ns:(report warning): New Instruction shouldn't be feeded while processing! WEIGHT_CONTROL.vhdl
/workspace/tinyTPU_bck/doc/teaching/pdf-dataflow/TB_PDF_DATAFLOW.vhdl:144:13:@4876ns:(report note): PDF_COMMAND opcode=255 length=0 acc=0 buf=0 bits=000000000000000000FF
../../src/ieee2008/numeric_std-body.vhdl:1265:7:@5425ns:(assertion warning): NUMERIC_STD.">": metavalue detected, returning FALSE
../../src/ieee2008/numeric_std-body.vhdl:3036:7:@5425ns:(assertion warning): NUMERIC_STD.TO_INTEGER: metavalue detected, returning 0
../../src/ieee2008/numeric_std-body.vhdl:1265:7:@5425ns:(assertion warning): NUMERIC_STD.">": metavalue detected, returning FALSE
../../src/ieee2008/numeric_std-body.vhdl:3036:7:@5425ns:(assertion warning): NUMERIC_STD.TO_INTEGER: metavalue detected, returning 0
../../src/ieee2008/numeric_std-body.vhdl:1265:7:@5425ns:(assertion warning): NUMERIC_STD.">": metavalue detected, returning FALSE
../../src/ieee2008/numeric_std-body.vhdl:3036:7:@5425ns:(assertion warning): NUMERIC_STD.TO_INTEGER: metavalue detected, returning 0
../../src/ieee2008/numeric_std-body.vhdl:1265:7:@5425ns:(assertion warning): NUMERIC_STD.">": metavalue detected, returning FALSE
../../src/ieee2008/numeric_std-body.vhdl:3036:7:@5425ns:(assertion warning): NUMERIC_STD.TO_INTEGER: metavalue detected, returning 0
../../src/ieee2008/numeric_std-body.vhdl:1265:7:@5425ns:(assertion warning): NUMERIC_STD.">": metavalue detected, returning FALSE
../../src/ieee2008/numeric_std-body.vhdl:3036:7:@5425ns:(assertion warning): NUMERIC_STD.TO_INTEGER: metavalue detected, returning 0
../../src/ieee2008/numeric_std-body.vhdl:1265:7:@5425ns:(assertion warning): NUMERIC_STD.">": metavalue detected, returning FALSE
../../src/ieee2008/numeric_std-body.vhdl:3036:7:@5425ns:(assertion warning): NUMERIC_STD.TO_INTEGER: metavalue detected, returning 0
../../src/ieee2008/numeric_std-body.vhdl:1265:7:@5425ns:(assertion warning): NUMERIC_STD.">": metavalue detected, returning FALSE
../../src/ieee2008/numeric_std-body.vhdl:3036:7:@5425ns:(assertion warning): NUMERIC_STD.TO_INTEGER: metavalue detected, returning 0
../../src/ieee2008/numeric_std-body.vhdl:1265:7:@5425ns:(assertion warning): NUMERIC_STD.">": metavalue detected, returning FALSE
../../src/ieee2008/numeric_std-body.vhdl:3036:7:@5425ns:(assertion warning): NUMERIC_STD.TO_INTEGER: metavalue detected, returning 0
../../src/ieee2008/numeric_std-body.vhdl:1265:7:@5425ns:(assertion warning): NUMERIC_STD.">": metavalue detected, returning FALSE
../../src/ieee2008/numeric_std-body.vhdl:3036:7:@5425ns:(assertion warning): NUMERIC_STD.TO_INTEGER: metavalue detected, returning 0
../../src/ieee2008/numeric_std-body.vhdl:1265:7:@5425ns:(assertion warning): NUMERIC_STD.">": metavalue detected, returning FALSE
../../src/ieee2008/numeric_std-body.vhdl:3036:7:@5425ns:(assertion warning): NUMERIC_STD.TO_INTEGER: metavalue detected, returning 0
../../src/ieee2008/numeric_std-body.vhdl:1265:7:@5425ns:(assertion warning): NUMERIC_STD.">": metavalue detected, returning FALSE
../../src/ieee2008/numeric_std-body.vhdl:3036:7:@5425ns:(assertion warning): NUMERIC_STD.TO_INTEGER: metavalue detected, returning 0
../../src/ieee2008/numeric_std-body.vhdl:1265:7:@5425ns:(assertion warning): NUMERIC_STD.">": metavalue detected, returning FALSE
../../src/ieee2008/numeric_std-body.vhdl:3036:7:@5425ns:(assertion warning): NUMERIC_STD.TO_INTEGER: metavalue detected, returning 0
../../src/ieee2008/numeric_std-body.vhdl:1265:7:@5425ns:(assertion warning): NUMERIC_STD.">": metavalue detected, returning FALSE
../../src/ieee2008/numeric_std-body.vhdl:3036:7:@5425ns:(assertion warning): NUMERIC_STD.TO_INTEGER: metavalue detected, returning 0
../../src/ieee2008/numeric_std-body.vhdl:1265:7:@5425ns:(assertion warning): NUMERIC_STD.">": metavalue detected, returning FALSE
../../src/ieee2008/numeric_std-body.vhdl:3036:7:@5425ns:(assertion warning): NUMERIC_STD.TO_INTEGER: metavalue detected, returning 0
../../src/ieee2008/numeric_std-body.vhdl:1265:7:@5425ns:(assertion warning): NUMERIC_STD.">": metavalue detected, returning FALSE
../../src/ieee2008/numeric_std-body.vhdl:1265:7:@5425ns:(assertion warning): NUMERIC_STD.">": metavalue detected, returning FALSE
../../src/ieee2008/numeric_std-body.vhdl:1265:7:@5425ns:(assertion warning): NUMERIC_STD.">": metavalue detected, returning FALSE
../../src/ieee2008/numeric_std-body.vhdl:1265:7:@5425ns:(assertion warning): NUMERIC_STD.">": metavalue detected, returning FALSE
../../src/ieee2008/numeric_std-body.vhdl:1265:7:@5425ns:(assertion warning): NUMERIC_STD.">": metavalue detected, returning FALSE
../../src/ieee2008/numeric_std-body.vhdl:1265:7:@5425ns:(assertion warning): NUMERIC_STD.">": metavalue detected, returning FALSE
../../src/ieee2008/numeric_std-body.vhdl:1265:7:@5425ns:(assertion warning): NUMERIC_STD.">": metavalue detected, returning FALSE
../../src/ieee2008/numeric_std-body.vhdl:1265:7:@5425ns:(assertion warning): NUMERIC_STD.">": metavalue detected, returning FALSE
../../src/ieee2008/numeric_std-body.vhdl:1265:7:@5425ns:(assertion warning): NUMERIC_STD.">": metavalue detected, returning FALSE
../../src/ieee2008/numeric_std-body.vhdl:1265:7:@5425ns:(assertion warning): NUMERIC_STD.">": metavalue detected, returning FALSE
../../src/ieee2008/numeric_std-body.vhdl:1265:7:@5425ns:(assertion warning): NUMERIC_STD.">": metavalue detected, returning FALSE
../../src/ieee2008/numeric_std-body.vhdl:1265:7:@5425ns:(assertion warning): NUMERIC_STD.">": metavalue detected, returning FALSE
../../src/ieee2008/numeric_std-body.vhdl:1265:7:@5425ns:(assertion warning): NUMERIC_STD.">": metavalue detected, returning FALSE
../../src/ieee2008/numeric_std-body.vhdl:1265:7:@5425ns:(assertion warning): NUMERIC_STD.">": metavalue detected, returning FALSE
/workspace/tinyTPU_bck/doc/teaching/pdf-dataflow/TB_PDF_DATAFLOW.vhdl:99:17:@5445ns:(report note): PDF_SYNCHRONIZE
/workspace/tinyTPU_bck/doc/teaching/pdf-dataflow/TB_PDF_DATAFLOW.vhdl:207:17:@5506ns:(report note): PDF_READ row=0 chunk=0 actual=00000000 expected=00000000
/workspace/tinyTPU_bck/doc/teaching/pdf-dataflow/TB_PDF_DATAFLOW.vhdl:207:17:@5566ns:(report note): PDF_READ row=0 chunk=1 actual=00000000 expected=00000000
/workspace/tinyTPU_bck/doc/teaching/pdf-dataflow/TB_PDF_DATAFLOW.vhdl:207:17:@5626ns:(report note): PDF_READ row=0 chunk=2 actual=00000000 expected=00000000
/workspace/tinyTPU_bck/doc/teaching/pdf-dataflow/TB_PDF_DATAFLOW.vhdl:207:17:@5686ns:(report note): PDF_READ row=0 chunk=3 actual=00000000 expected=00000000
/workspace/tinyTPU_bck/doc/teaching/pdf-dataflow/TB_PDF_DATAFLOW.vhdl:207:17:@5746ns:(report note): PDF_READ row=1 chunk=0 actual=00000000 expected=00000000
/workspace/tinyTPU_bck/doc/teaching/pdf-dataflow/TB_PDF_DATAFLOW.vhdl:207:17:@5806ns:(report note): PDF_READ row=1 chunk=1 actual=00000000 expected=00000000
/workspace/tinyTPU_bck/doc/teaching/pdf-dataflow/TB_PDF_DATAFLOW.vhdl:207:17:@5866ns:(report note): PDF_READ row=1 chunk=2 actual=00000000 expected=00000000
/workspace/tinyTPU_bck/doc/teaching/pdf-dataflow/TB_PDF_DATAFLOW.vhdl:207:17:@5926ns:(report note): PDF_READ row=1 chunk=3 actual=00000000 expected=00000000
/workspace/tinyTPU_bck/doc/teaching/pdf-dataflow/TB_PDF_DATAFLOW.vhdl:207:17:@5986ns:(report note): PDF_READ row=2 chunk=0 actual=00000000 expected=00000000
/workspace/tinyTPU_bck/doc/teaching/pdf-dataflow/TB_PDF_DATAFLOW.vhdl:207:17:@6046ns:(report note): PDF_READ row=2 chunk=1 actual=00000000 expected=00000000
/workspace/tinyTPU_bck/doc/teaching/pdf-dataflow/TB_PDF_DATAFLOW.vhdl:207:17:@6106ns:(report note): PDF_READ row=2 chunk=2 actual=00000000 expected=00000000
/workspace/tinyTPU_bck/doc/teaching/pdf-dataflow/TB_PDF_DATAFLOW.vhdl:207:17:@6166ns:(report note): PDF_READ row=2 chunk=3 actual=00000000 expected=00000000
/workspace/tinyTPU_bck/doc/teaching/pdf-dataflow/TB_PDF_DATAFLOW.vhdl:207:17:@6226ns:(report note): PDF_READ row=3 chunk=0 actual=00000000 expected=00000000
/workspace/tinyTPU_bck/doc/teaching/pdf-dataflow/TB_PDF_DATAFLOW.vhdl:207:17:@6286ns:(report note): PDF_READ row=3 chunk=1 actual=00000000 expected=00000000
/workspace/tinyTPU_bck/doc/teaching/pdf-dataflow/TB_PDF_DATAFLOW.vhdl:207:17:@6346ns:(report note): PDF_READ row=3 chunk=2 actual=00000000 expected=00000000
/workspace/tinyTPU_bck/doc/teaching/pdf-dataflow/TB_PDF_DATAFLOW.vhdl:207:17:@6406ns:(report note): PDF_READ row=3 chunk=3 actual=00000000 expected=00000000
/workspace/tinyTPU_bck/doc/teaching/pdf-dataflow/TB_PDF_DATAFLOW.vhdl:207:17:@6466ns:(report note): PDF_READ row=4 chunk=0 actual=00000000 expected=00000000
/workspace/tinyTPU_bck/doc/teaching/pdf-dataflow/TB_PDF_DATAFLOW.vhdl:207:17:@6526ns:(report note): PDF_READ row=4 chunk=1 actual=00000000 expected=00000000
/workspace/tinyTPU_bck/doc/teaching/pdf-dataflow/TB_PDF_DATAFLOW.vhdl:207:17:@6586ns:(report note): PDF_READ row=4 chunk=2 actual=00000000 expected=00000000
/workspace/tinyTPU_bck/doc/teaching/pdf-dataflow/TB_PDF_DATAFLOW.vhdl:207:17:@6646ns:(report note): PDF_READ row=4 chunk=3 actual=00000000 expected=00000000
/workspace/tinyTPU_bck/doc/teaching/pdf-dataflow/TB_PDF_DATAFLOW.vhdl:207:17:@6706ns:(report note): PDF_READ row=5 chunk=0 actual=00000000 expected=00000000
/workspace/tinyTPU_bck/doc/teaching/pdf-dataflow/TB_PDF_DATAFLOW.vhdl:207:17:@6766ns:(report note): PDF_READ row=5 chunk=1 actual=00000000 expected=00000000
/workspace/tinyTPU_bck/doc/teaching/pdf-dataflow/TB_PDF_DATAFLOW.vhdl:207:17:@6826ns:(report note): PDF_READ row=5 chunk=2 actual=00000000 expected=00000000
/workspace/tinyTPU_bck/doc/teaching/pdf-dataflow/TB_PDF_DATAFLOW.vhdl:207:17:@6886ns:(report note): PDF_READ row=5 chunk=3 actual=00000000 expected=00000000
/workspace/tinyTPU_bck/doc/teaching/pdf-dataflow/TB_PDF_DATAFLOW.vhdl:207:17:@6946ns:(report note): PDF_READ row=6 chunk=0 actual=00000000 expected=00000000
/workspace/tinyTPU_bck/doc/teaching/pdf-dataflow/TB_PDF_DATAFLOW.vhdl:207:17:@7006ns:(report note): PDF_READ row=6 chunk=1 actual=00000000 expected=00000000
/workspace/tinyTPU_bck/doc/teaching/pdf-dataflow/TB_PDF_DATAFLOW.vhdl:207:17:@7066ns:(report note): PDF_READ row=6 chunk=2 actual=00000000 expected=00000000
/workspace/tinyTPU_bck/doc/teaching/pdf-dataflow/TB_PDF_DATAFLOW.vhdl:207:17:@7126ns:(report note): PDF_READ row=6 chunk=3 actual=00000000 expected=00000000
/workspace/tinyTPU_bck/doc/teaching/pdf-dataflow/TB_PDF_DATAFLOW.vhdl:207:17:@7186ns:(report note): PDF_READ row=7 chunk=0 actual=00000000 expected=00000000
/workspace/tinyTPU_bck/doc/teaching/pdf-dataflow/TB_PDF_DATAFLOW.vhdl:207:17:@7246ns:(report note): PDF_READ row=7 chunk=1 actual=00000000 expected=00000000
/workspace/tinyTPU_bck/doc/teaching/pdf-dataflow/TB_PDF_DATAFLOW.vhdl:207:17:@7306ns:(report note): PDF_READ row=7 chunk=2 actual=00000000 expected=00000000
/workspace/tinyTPU_bck/doc/teaching/pdf-dataflow/TB_PDF_DATAFLOW.vhdl:207:17:@7366ns:(report note): PDF_READ row=7 chunk=3 actual=00000000 expected=00000000
/workspace/tinyTPU_bck/doc/teaching/pdf-dataflow/TB_PDF_DATAFLOW.vhdl:207:17:@7426ns:(report note): PDF_READ row=8 chunk=0 actual=00000000 expected=00000000
/workspace/tinyTPU_bck/doc/teaching/pdf-dataflow/TB_PDF_DATAFLOW.vhdl:207:17:@7486ns:(report note): PDF_READ row=8 chunk=1 actual=00000000 expected=00000000
/workspace/tinyTPU_bck/doc/teaching/pdf-dataflow/TB_PDF_DATAFLOW.vhdl:207:17:@7546ns:(report note): PDF_READ row=8 chunk=2 actual=00000000 expected=00000000
/workspace/tinyTPU_bck/doc/teaching/pdf-dataflow/TB_PDF_DATAFLOW.vhdl:207:17:@7606ns:(report note): PDF_READ row=8 chunk=3 actual=00000000 expected=00000000
/workspace/tinyTPU_bck/doc/teaching/pdf-dataflow/TB_PDF_DATAFLOW.vhdl:207:17:@7666ns:(report note): PDF_READ row=9 chunk=0 actual=00000000 expected=00000000
/workspace/tinyTPU_bck/doc/teaching/pdf-dataflow/TB_PDF_DATAFLOW.vhdl:207:17:@7726ns:(report note): PDF_READ row=9 chunk=1 actual=00000000 expected=00000000
/workspace/tinyTPU_bck/doc/teaching/pdf-dataflow/TB_PDF_DATAFLOW.vhdl:207:17:@7786ns:(report note): PDF_READ row=9 chunk=2 actual=00000000 expected=00000000
/workspace/tinyTPU_bck/doc/teaching/pdf-dataflow/TB_PDF_DATAFLOW.vhdl:207:17:@7846ns:(report note): PDF_READ row=9 chunk=3 actual=00000000 expected=00000000
/workspace/tinyTPU_bck/doc/teaching/pdf-dataflow/TB_PDF_DATAFLOW.vhdl:207:17:@7906ns:(report note): PDF_READ row=10 chunk=0 actual=00000000 expected=00000000
/workspace/tinyTPU_bck/doc/teaching/pdf-dataflow/TB_PDF_DATAFLOW.vhdl:207:17:@7966ns:(report note): PDF_READ row=10 chunk=1 actual=00000000 expected=00000000
/workspace/tinyTPU_bck/doc/teaching/pdf-dataflow/TB_PDF_DATAFLOW.vhdl:207:17:@8026ns:(report note): PDF_READ row=10 chunk=2 actual=00000000 expected=00000000
/workspace/tinyTPU_bck/doc/teaching/pdf-dataflow/TB_PDF_DATAFLOW.vhdl:207:17:@8086ns:(report note): PDF_READ row=10 chunk=3 actual=00000000 expected=00000000
/workspace/tinyTPU_bck/doc/teaching/pdf-dataflow/TB_PDF_DATAFLOW.vhdl:207:17:@8146ns:(report note): PDF_READ row=11 chunk=0 actual=00000000 expected=00000000
/workspace/tinyTPU_bck/doc/teaching/pdf-dataflow/TB_PDF_DATAFLOW.vhdl:207:17:@8206ns:(report note): PDF_READ row=11 chunk=1 actual=00000000 expected=00000000
/workspace/tinyTPU_bck/doc/teaching/pdf-dataflow/TB_PDF_DATAFLOW.vhdl:207:17:@8266ns:(report note): PDF_READ row=11 chunk=2 actual=00000000 expected=00000000
/workspace/tinyTPU_bck/doc/teaching/pdf-dataflow/TB_PDF_DATAFLOW.vhdl:207:17:@8326ns:(report note): PDF_READ row=11 chunk=3 actual=00000000 expected=00000000
/workspace/tinyTPU_bck/doc/teaching/pdf-dataflow/TB_PDF_DATAFLOW.vhdl:207:17:@8386ns:(report note): PDF_READ row=12 chunk=0 actual=00000000 expected=00000000
/workspace/tinyTPU_bck/doc/teaching/pdf-dataflow/TB_PDF_DATAFLOW.vhdl:207:17:@8446ns:(report note): PDF_READ row=12 chunk=1 actual=00000000 expected=00000000
/workspace/tinyTPU_bck/doc/teaching/pdf-dataflow/TB_PDF_DATAFLOW.vhdl:207:17:@8506ns:(report note): PDF_READ row=12 chunk=2 actual=00000000 expected=00000000
/workspace/tinyTPU_bck/doc/teaching/pdf-dataflow/TB_PDF_DATAFLOW.vhdl:207:17:@8566ns:(report note): PDF_READ row=12 chunk=3 actual=00000000 expected=00000000
/workspace/tinyTPU_bck/doc/teaching/pdf-dataflow/TB_PDF_DATAFLOW.vhdl:207:17:@8626ns:(report note): PDF_READ row=13 chunk=0 actual=00000000 expected=00000000
/workspace/tinyTPU_bck/doc/teaching/pdf-dataflow/TB_PDF_DATAFLOW.vhdl:207:17:@8686ns:(report note): PDF_READ row=13 chunk=1 actual=00000000 expected=00000000
/workspace/tinyTPU_bck/doc/teaching/pdf-dataflow/TB_PDF_DATAFLOW.vhdl:207:17:@8746ns:(report note): PDF_READ row=13 chunk=2 actual=00000000 expected=00000000
/workspace/tinyTPU_bck/doc/teaching/pdf-dataflow/TB_PDF_DATAFLOW.vhdl:207:17:@8806ns:(report note): PDF_READ row=13 chunk=3 actual=00000000 expected=00000000
/workspace/tinyTPU_bck/doc/teaching/pdf-dataflow/TB_PDF_DATAFLOW.vhdl:216:9:@8826ns:(report note): PDF test successful: 196 output bytes plus 28 padding bytes; RELU_CASE=false
simulation stopped @8826ns

exit_status=0
